a.js: line 0, col 0, Warning - no-alert message (eslint.no-alert)
a.js: line 0, col 0, Warning - indent message (jshint.indent)
a.js: line 0, col 0, Warning - validateIndentation message (jscs.validateIndentation)
b.js: line 1, col 1, Error - no-array-constructor message (eslint.no-array-constructor)
b.js: line 1, col 1, Error - undef message (jshint.undef)
b.js: line 1, col 1, Error - maximumLineLength message (jscs.maximumLineLength)
c.js: line 2, col 2, Warning - no-bitwise message (eslint.no-bitwise)
c.js: line 2, col 2, Warning - validthis message (jshint.validthis)
c.js: line 2, col 2, Warning - requireSpaceAfterKeywords message (jscs.requireSpaceAfterKeywords)
d.js: line 3, col 3, Error - no-caller message (eslint.no-caller)
d.js: line 3, col 3, Error - newcap message (jshint.newcap)
d.js: line 3, col 3, Error - disallowSpacesInFunctionDeclaration message (jscs.disallowSpacesInFunctionDeclaration)
e.js: line 4, col 4, Warning - no-catch-shadow message (eslint.no-catch-shadow)
e.js: line 4, col 4, Warning - esnext message (jshint.esnext)
e.js: line 4, col 4, Warning - disallowSpacesInNamedFunctionExpression message (jscs.disallowSpacesInNamedFunctionExpression)
f.js: line 5, col 5, Error - no-comma-dangle message (eslint.no-comma-dangle)
f.js: line 5, col 5, Error - indent message (jshint.indent)
f.js: line 5, col 5, Error - requireSpacesInFunctionDeclaration message (jscs.requireSpacesInFunctionDeclaration)
g.js: line 6, col 6, Warning - no-cond-assign message (eslint.no-cond-assign)
g.js: line 6, col 6, Warning - undef message (jshint.undef)
g.js: line 6, col 6, Warning - requireSpacesInNamedFunctionExpression message (jscs.requireSpacesInNamedFunctionExpression)
h.js: line 7, col 7, Error - no-console message (eslint.no-console)
h.js: line 7, col 7, Error - validthis message (jshint.validthis)
h.js: line 7, col 7, Error - disallowTrailingComma message (jscs.disallowTrailingComma)
i.js: line 8, col 8, Warning - no-constant-condition message (eslint.no-constant-condition)
i.js: line 8, col 8, Warning - newcap message (jshint.newcap)
i.js: line 8, col 8, Warning - requireBlocksOnNewline message (jscs.requireBlocksOnNewline)
j.js: line 9, col 9, Error - no-control-regex message (eslint.no-control-regex)
j.js: line 9, col 9, Error - esnext message (jshint.esnext)
j.js: line 9, col 9, Error - excludeFiles message (jscs.excludeFiles)
k.js: line 10, col 10, Warning - no-debugger message (eslint.no-debugger)
k.js: line 10, col 10, Warning - indent message (jshint.indent)
k.js: line 10, col 10, Warning - requireCurlyBraces message (jscs.requireCurlyBraces)
l.js: line 11, col 11, Error - no-delete-var message (eslint.no-delete-var)
l.js: line 11, col 11, Error - undef message (jshint.undef)
l.js: line 11, col 11, Error - disallowMultipleVarDecl message (jscs.disallowMultipleVarDecl)
m.js: line 12, col 12, Warning - no-div-regex message (eslint.no-div-regex)
m.js: line 12, col 12, Warning - validthis message (jshint.validthis)
m.js: line 12, col 12, Warning - disallowEmptyBlocks message (jscs.disallowEmptyBlocks)
n.js: line 13, col 13, Error - no-dupe-keys message (eslint.no-dupe-keys)
n.js: line 13, col 13, Error - newcap message (jshint.newcap)
n.js: line 13, col 13, Error - disallowSpaceAfterObjectKeys message (jscs.disallowSpaceAfterObjectKeys)
o.js: line 14, col 14, Warning - no-else-return message (eslint.no-else-return)
o.js: line 14, col 14, Warning - esnext message (jshint.esnext)
o.js: line 14, col 14, Warning - requireCommaBeforeLineBreak message (jscs.requireCommaBeforeLineBreak)
p.js: line 15, col 15, Error - no-empty message (eslint.no-empty)
p.js: line 15, col 15, Error - indent message (jshint.indent)
p.js: line 15, col 15, Error - requireSpaceBeforeBinaryOperators message (jscs.requireSpaceBeforeBinaryOperators)
q.js: line 16, col 16, Warning - no-empty-class message (eslint.no-empty-class)
q.js: line 16, col 16, Warning - undef message (jshint.undef)
q.js: line 16, col 16, Warning - requireSpacesInConditionalExpression message (jscs.requireSpacesInConditionalExpression)
r.js: line 17, col 17, Error - no-empty-label message (eslint.no-empty-label)
r.js: line 17, col 17, Error - validthis message (jshint.validthis)
r.js: line 17, col 17, Error - requireSpaceAfterBinaryOperators message (jscs.requireSpaceAfterBinaryOperators)
s.js: line 18, col 18, Warning - no-eq-null message (eslint.no-eq-null)
s.js: line 18, col 18, Warning - newcap message (jshint.newcap)
s.js: line 18, col 18, Warning - disallowSpaceAfterPrefixUnaryOperators message (jscs.disallowSpaceAfterPrefixUnaryOperators)
t.js: line 19, col 19, Error - no-eval message (eslint.no-eval)
t.js: line 19, col 19, Error - esnext message (jshint.esnext)
t.js: line 19, col 19, Error - disallowKeywords message (jscs.disallowKeywords)
u.js: line 20, col 20, Warning - no-ex-assign message (eslint.no-ex-assign)
u.js: line 20, col 20, Warning - indent message (jshint.indent)
u.js: line 20, col 20, Warning - disallowMultipleLineBreaks message (jscs.disallowMultipleLineBreaks)
v.js: line 21, col 21, Error - no-extend-native message (eslint.no-extend-native)
v.js: line 21, col 21, Error - undef message (jshint.undef)
v.js: line 21, col 21, Error - validateLineBreaks message (jscs.validateLineBreaks)
w.js: line 22, col 22, Warning - no-extra-bind message (eslint.no-extra-bind)
w.js: line 22, col 22, Warning - validthis message (jshint.validthis)
w.js: line 22, col 22, Warning - validateQuoteMarks message (jscs.validateQuoteMarks)
x.js: line 23, col 23, Error - no-extra-boolean-cast message (eslint.no-extra-boolean-cast)
x.js: line 23, col 23, Error - newcap message (jshint.newcap)
x.js: line 23, col 23, Error - disallowMixedSpacesAndTabs message (jscs.disallowMixedSpacesAndTabs)
y.js: line 24, col 24, Warning - no-extra-parens message (eslint.no-extra-parens)
y.js: line 24, col 24, Warning - esnext message (jshint.esnext)
y.js: line 24, col 24, Warning - disallowTrailingWhitespace message (jscs.disallowTrailingWhitespace)
z.js: line 25, col 25, Error - no-extra-semi message (eslint.no-extra-semi)
z.js: line 25, col 25, Error - indent message (jshint.indent)
z.js: line 25, col 25, Error - disallowKeywordsOnNewLine message (jscs.disallowKeywordsOnNewLine)
